// Jest Snapshot v1, https://goo.gl/fbAQLP

exports[`ContentCardComments renders as expected 1`] = `
<div>
  <div
    class="px-1"
  >
    <button
      class="text-gray-500 hover:text-gray-300"
    >
      View 
      2
       comment
      s
    </button>
  </div>
</div>
`;
